mysql>  SELECT DATE('2024-01-09 15:30:45')
    -> ;
+-----------------------------+
| DATE('2024-01-09 15:30:45') |
+-----------------------------+
| 2024-01-09                  |
+-----------------------------+
1 row in set (0.00 sec)

mysql>  SELECT TIME('2024-01-09 15:30:45')
    -> ;
+-----------------------------+
| TIME('2024-01-09 15:30:45') |
+-----------------------------+
| 15:30:45                    |
+-----------------------------+
1 row in set (0.00 sec)

mysql> SELECT YEAR('2024-01-09'),
    -> MONTH('2024-01-09'),
    -> DAY('2024-01-09');
+--------------------+---------------------+-------------------+
| YEAR('2024-01-09') | MONTH('2024-01-09') | DAY('2024-01-09') |
+--------------------+---------------------+-------------------+
|               2024 |                   1 |                 9 |
+--------------------+---------------------+-------------------+
1 row in set (0.00 sec)

mysql> SELECT NOW();
+---------------------+
| NOW()               |
+---------------------+
| 2024-05-08 14:15:44 |
+---------------------+
1 row in set (0.00 sec)

mysql> SELECT CURDATE();
+------------+
| CURDATE()  |
+------------+
| 2024-05-08 |
+------------+
1 row in set (0.00 sec)

mysql> SELECT CURTIME();
+-----------+
| CURTIME() |
+-----------+
| 14:16:16  |
+-----------+
1 row in set (0.00 sec)

mysql> SELECT CURRENT_TIMESTAMP();
+---------------------+
| CURRENT_TIMESTAMP() |
+---------------------+
| 2024-05-08 14:16:54 |
+---------------------+
1 row in set (0.00 sec)

mysql> SELECT DATE_FORMAT('2024-01-09','%w,%m,%e,%y');
+-----------------------------------------+
| DATE_FORMAT('2024-01-09','%w,%m,%e,%y') |
+-----------------------------------------+
| 2,01,9,24                               |
+-----------------------------------------+
1 row in set (0.00 sec)

mysql> SELECT DATE_FORMAT('2024-01-09','%w');
+--------------------------------+
| DATE_FORMAT('2024-01-09','%w') |
+--------------------------------+
| 2                              |
+--------------------------------+
1 row in set (0.00 sec)

mysql> SELECT DATEDIFF('2024-01-09','2024-01-14');
+-------------------------------------+
| DATEDIFF('2024-01-09','2024-01-14') |
+-------------------------------------+
|                                  -5 |
+-------------------------------------+
1 row in set (0.00 sec)

mysql> SELECT DATEDIFF('2024-01-09','2025-01-14');
+-------------------------------------+
| DATEDIFF('2024-01-09','2025-01-14') |
+-------------------------------------+
|                                -371 |
+-------------------------------------+
1 row in set (0.00 sec)

mysql> SELECT DATEADD('2024-01-09', INTERVAL 3 MONTH);
ERROR 1064 (42000): You have an error in your SQL syntax; check the manual that corresponds to your MySQL server version for the right syntax to use near ')' at line 1
mysql> SELECT DATE_ADD('2024-01-09', INTERVAL 3 MONTH);
+------------------------------------------+
| DATE_ADD('2024-01-09', INTERVAL 3 MONTH) |
+------------------------------------------+
| 2024-04-09                               |
+------------------------------------------+
1 row in set (0.00 sec)

mysql> SELECT DATE_SUB('2024-07-09', INTERVAL 3 MONTH);
+------------------------------------------+
| DATE_SUB('2024-07-09', INTERVAL 3 MONTH) |
+------------------------------------------+
| 2024-04-09                               |
+------------------------------------------+
1 row in set (0.00 sec)

mysql> SELECT EXTRACT(HOUR FROM '2024-01-09 11:30:45');
+------------------------------------------+
| EXTRACT(HOUR FROM '2024-01-09 11:30:45') |
+------------------------------------------+
|                                       11 |
+------------------------------------------+
1 row in set (0.00 sec)

mysql> SELECT TIMESTAMPDIFF(SECOND, '2024-01-09 11:30:45', '2024-01-09 15:30:45');
+---------------------------------------------------------------------+
| TIMESTAMPDIFF(SECOND, '2024-01-09 11:30:45', '2024-01-09 15:30:45') |
+---------------------------------------------------------------------+
|                                                               14400 |
+---------------------------------------------------------------------+
1 row in set (0.00 sec)

mysql> SELECT TIMEDIFF('11:30:45','15:30:45');
+---------------------------------+
| TIMEDIFF('11:30:45','15:30:45') |
+---------------------------------+
| -04:00:00                       |
+---------------------------------+
1 row in set (0.00 sec)

mysql> SELECT ADD_TIME('11:30:45','15:30:45');
ERROR 1046 (3D000): No database selected
mysql> SELECT ADDTIME('11:30:45','15:30:45');
+--------------------------------+
| ADDTIME('11:30:45','15:30:45') |
+--------------------------------+
| 27:01:30                       |
+--------------------------------+
1 row in set (0.00 sec)

mysql> SELECT SUBTIME('11:30:45','15:30:45');
+--------------------------------+
| SUBTIME('11:30:45','15:30:45') |
+--------------------------------+
| -04:00:00                      |
+--------------------------------+
1 row in set (0.00 sec)